Archive member included to satisfy reference by file (symbol)

/usr/lib/gcc/avr/5.4.0/avr5/libgcc.a(_mulsi3.o)
                              ../Obj/mega328_color_kit/ReadADC.o (__mulsi3)
/usr/lib/gcc/avr/5.4.0/avr5/libgcc.a(_udivmodqi4.o)
                              ../Obj/mega328_color_kit/lcd-draw.o (__udivmodqi4)
/usr/lib/gcc/avr/5.4.0/avr5/libgcc.a(_udivmodhi4.o)
                              ../Obj/mega328_color_kit/RefVoltage.o (__udivmodhi4)
/usr/lib/gcc/avr/5.4.0/avr5/libgcc.a(_divmodhi4.o)
                              ../Obj/mega328_color_kit/function_menu.o (__divmodhi4)
/usr/lib/gcc/avr/5.4.0/avr5/libgcc.a(_udivmodsi4.o)
                              ../Obj/mega328_color_kit/DisplayValue.o (__udivmodsi4)
/usr/lib/gcc/avr/5.4.0/avr5/libgcc.a(_divmodsi4.o)
                              ../Obj/mega328_color_kit/main.o (__divmodsi4)
/usr/lib/gcc/avr/5.4.0/avr5/libgcc.a(_negsi2.o)
                              /usr/lib/gcc/avr/5.4.0/avr5/libgcc.a(_divmodsi4.o) (__negsi2)
/usr/lib/gcc/avr/5.4.0/avr5/libgcc.a(_exit.o)
                              /usr/lib/gcc/avr/5.4.0/../../../avr/lib/avr5/crtatmega328p.o (exit)
/usr/lib/gcc/avr/5.4.0/avr5/libgcc.a(_clear_bss.o)
                              ../Obj/mega328_color_kit/lcd-routines.o (__do_clear_bss)
/usr/lib/gcc/avr/5.4.0/avr5/libgcc.a(_umulhisi3.o)
                              ../Obj/mega328_color_kit/main.o (__umulhisi3)
/usr/lib/gcc/avr/5.4.0/avr5/libgcc.a(_usmulhisi3.o)
                              ../Obj/mega328_color_kit/main.o (__usmulhisi3)
/usr/lib/gcc/avr/5.4.0/avr5/libgcc.a(_muluhisi3.o)
                              ../Obj/mega328_color_kit/main.o (__muluhisi3)
/usr/lib/gcc/avr/5.4.0/avr5/libgcc.a(_mulshisi3.o)
                              ../Obj/mega328_color_kit/ReadCapacity.o (__mulshisi3)
/usr/lib/gcc/avr/5.4.0/avr5/libgcc.a(_umulsidi3.o)
                              ../Obj/mega328_color_kit/GetFrequency.o (__umulsidi3)
/usr/lib/gcc/avr/5.4.0/avr5/libgcc.a(_udivdi3.o)
                              ../Obj/mega328_color_kit/GetFrequency.o (__udivdi3)
/usr/lib/gcc/avr/5.4.0/avr5/libgcc.a(_udivmod64.o)
                              /usr/lib/gcc/avr/5.4.0/avr5/libgcc.a(_udivdi3.o) (__udivmod64)
/usr/lib/gcc/avr/5.4.0/avr5/libgcc.a(_prologue.o)
                              ../Obj/mega328_color_kit/lcd-routines.o (__prologue_saves__)
/usr/lib/gcc/avr/5.4.0/avr5/libgcc.a(_epilogue.o)
                              ../Obj/mega328_color_kit/lcd-routines.o (__epilogue_restores__)
/usr/lib/gcc/avr/5.4.0/avr5/libgcc.a(_muldi3_6.o)
                              /usr/lib/gcc/avr/5.4.0/avr5/libgcc.a(_umulsidi3.o) (__muldi3_6)
/usr/lib/gcc/avr/5.4.0/../../../avr/lib/avr5/libc.a(ultoa_ncheck.o)
                              ../Obj/mega328_color_kit/DisplayValue.o (__ultoa_ncheck)
/usr/lib/gcc/avr/5.4.0/../../../avr/lib/avr5/libc.a(utoa.o)
                              ../Obj/mega328_color_kit/i2lcd.o (utoa)
/usr/lib/gcc/avr/5.4.0/../../../avr/lib/avr5/libc.a(utoa_ncheck.o)
                              /usr/lib/gcc/avr/5.4.0/../../../avr/lib/avr5/libc.a(utoa.o) (__utoa_ncheck)
/usr/lib/gcc/avr/5.4.0/../../../avr/lib/avr5/libc.a(strrev.o)
                              /usr/lib/gcc/avr/5.4.0/../../../avr/lib/avr5/libc.a(ultoa_ncheck.o) (strrev)
/usr/lib/gcc/avr/5.4.0/../../../avr/lib/avr5/libatmega328p.a(eerd_byte.o)
                              ../Obj/mega328_color_kit/lcd-routines.o (eeprom_read_byte)
/usr/lib/gcc/avr/5.4.0/../../../avr/lib/avr5/libatmega328p.a(eerd_word.o)
                              ../Obj/mega328_color_kit/RefVoltage.o (eeprom_read_word)
/usr/lib/gcc/avr/5.4.0/../../../avr/lib/avr5/libatmega328p.a(eewr_byte.o)
                              ../Obj/mega328_color_kit/main.o (eeprom_write_byte)
/usr/lib/gcc/avr/5.4.0/../../../avr/lib/avr5/libatmega328p.a(eewr_word.o)
                              ../Obj/mega328_color_kit/main.o (eeprom_write_word)
/usr/lib/gcc/avr/5.4.0/../../../avr/lib/avr5/libatmega328p.a(eerd_block.o)
                              /usr/lib/gcc/avr/5.4.0/../../../avr/lib/avr5/libatmega328p.a(eerd_word.o) (eeprom_read_blraw)

Allocating common symbols
Common symbol       size              file

diode_sequence      0x1               ../Obj/mega328_color_kit/main.o
ext_freq            0x4               ../Obj/mega328_color_kit/main.o
display_time        0x2               ../Obj/mega328_color_kit/main.o
rotary              0x7               ../Obj/mega328_color_kit/main.o
lc_fx               0x4               ../Obj/mega328_color_kit/sampling_lc.o
resis680mi          0x2               ../Obj/mega328_color_kit/main.o
icon_yy             0x1               ../Obj/mega328_color_kit/lcd-routines.o
ref_mv_offs         0x2               ../Obj/mega328_color_kit/main.o
NumOfDiodes         0x1               ../Obj/mega328_color_kit/main.o
PartMode            0x1               ../Obj/mega328_color_kit/main.o
PartFound           0x1               ../Obj/mega328_color_kit/main.o
[...]
Memory Configuration

Name             Origin             Length             Attributes
text             0x0000000000000000 0x0000000000008000 xr
data             0x0000000000800100 0x0000000000000800 rw !x
eeprom           0x0000000000810000 0x0000000000000400 rw !x
fuse             0x0000000000820000 0x0000000000000003 rw !x
lock             0x0000000000830000 0x0000000000000400 rw !x
signature        0x0000000000840000 0x0000000000000400 rw !x
user_signatures  0x0000000000850000 0x0000000000000400 rw !x
*default*        0x0000000000000000 0xffffffffffffffff

Linker script and memory map

Address of section .data set to 0x800100
LOAD /usr/lib/gcc/avr/5.4.0/../../../avr/lib/avr5/crtatmega328p.o
LOAD ../Obj/mega328_color_kit/lcd_hw_4_bit.o
LOAD ../Obj/mega328_color_kit/lcd-routines.o
LOAD ../Obj/mega328_color_kit/i2lcd.o
LOAD ../Obj/mega328_color_kit/PinLayout.o
LOAD ../Obj/mega328_color_kit/RvalOut.o
LOAD ../Obj/mega328_color_kit/UfAusgabe.o
LOAD ../Obj/mega328_color_kit/DisplayValue.o
LOAD ../Obj/mega328_color_kit/lcd-draw.o
LOAD ../Obj/mega328_color_kit/swuart.o
LOAD ../Obj/mega328_color_kit/wait1000ms.o
LOAD ../Obj/mega328_color_kit/sleep_5ms.o
LOAD ../Obj/mega328_color_kit/ReadADC.o
LOAD ../Obj/mega328_color_kit/wait_for_key_ms.o
LOAD ../Obj/mega328_color_kit/RefVoltage.o
LOAD ../Obj/mega328_color_kit/main.o
LOAD ../Obj/mega328_color_kit/Battery_check.o
LOAD ../Obj/mega328_color_kit/CheckPins.o
LOAD ../Obj/mega328_color_kit/GetResistance.o
LOAD ../Obj/mega328_color_kit/ChargePin10ms.o
LOAD ../Obj/mega328_color_kit/EntladePins.o
LOAD ../Obj/mega328_color_kit/ReadCapacity.o
LOAD ../Obj/mega328_color_kit/GetRLmultip.o
LOAD ../Obj/mega328_color_kit/Calibrate_UR.o
LOAD ../Obj/mega328_color_kit/show_Resis_Cap.o
LOAD ../Obj/mega328_color_kit/get_log.o
LOAD ../Obj/mega328_color_kit/ReadInductance.o
LOAD ../Obj/mega328_color_kit/GetESR.o
LOAD ../Obj/mega328_color_kit/GetVloss.o
LOAD ../Obj/mega328_color_kit/function_menu.o
LOAD ../Obj/mega328_color_kit/message_key_released.o
LOAD ../Obj/mega328_color_kit/GetFrequency.o
LOAD ../Obj/mega328_color_kit/ReadBigCap.o
LOAD ../Obj/mega328_color_kit/CheckRotaryEncoder.o
LOAD ../Obj/mega328_color_kit/CalibrationCap.o
LOAD ../Obj/mega328_color_kit/CheckUJT.o
LOAD ../Obj/mega328_color_kit/ShowData.o
LOAD ../Obj/mega328_color_kit/EE_check_init.o
LOAD ../Obj/mega328_color_kit/samplingADC.o
LOAD ../Obj/mega328_color_kit/sampling_cap.o
LOAD ../Obj/mega328_color_kit/sampling_lc.o
LOAD ../Obj/mega328_color_kit/sampling_xtal.o
START GROUP
LOAD /usr/lib/gcc/avr/5.4.0/avr5/libgcc.a
LOAD /usr/lib/gcc/avr/5.4.0/../../../avr/lib/avr5/libm.a
LOAD /usr/lib/gcc/avr/5.4.0/../../../avr/lib/avr5/libc.a
LOAD /usr/lib/gcc/avr/5.4.0/../../../avr/lib/avr5/libatmega328p.a
END GROUP
                0x0000000000000000                __TEXT_REGION_ORIGIN__ = DEFINED (__TEXT_REGION_ORIGIN__)?__TEXT_REGION_ORIGIN__:0x0
                [0x0000000000800100]                __DATA_REGION_ORIGIN__ = DEFINED (__DATA_REGION_ORIGIN__)?__DATA_REGION_ORIGIN__:0x800060
                [0x0000000000008000]                __TEXT_REGION_LENGTH__ = DEFINED (__TEXT_REGION_LENGTH__)?__TEXT_REGION_LENGTH__:0x20000
                [0x0000000000000800]                __DATA_REGION_LENGTH__ = DEFINED (__DATA_REGION_LENGTH__)?__DATA_REGION_LENGTH__:0xffa0
                [0x0000000000000400]                __EEPROM_REGION_LENGTH__ = DEFINED (__EEPROM_REGION_LENGTH__)?__EEPROM_REGION_LENGTH__:0x10000
                [0x0000000000000003]                __FUSE_REGION_LENGTH__ = DEFINED (__FUSE_REGION_LENGTH__)?__FUSE_REGION_LENGTH__:0x400
                0x0000000000000400                __LOCK_REGION_LENGTH__ = DEFINED (__LOCK_REGION_LENGTH__)?__LOCK_REGION_LENGTH__:0x400
                0x0000000000000400                __SIGNATURE_REGION_LENGTH__ = DEFINED (__SIGNATURE_REGION_LENGTH__)?__SIGNATURE_REGION_LENGTH__:0x400
                0x0000000000000400                __USER_SIGNATURE_REGION_LENGTH__ = DEFINED (__USER_SIGNATURE_REGION_LENGTH__)?__USER_SIGNATURE_REGION_LENGTH__:0x400

.hash
 *(.hash)

.dynsym
 *(.dynsym)

.dynstr
 *(.dynstr)

.gnu.version
 *(.gnu.version)

.gnu.version_d
 *(.gnu.version_d)

.gnu.version_r
 *(.gnu.version_r)

.rel.init
 *(.rel.init)

.rela.init
 *(.rela.init)

.rel.text
 *(.rel.text)
 *(.rel.text.*)
 *(.rel.gnu.linkonce.t*)

.rela.text
 *(.rela.text)
 *(.rela.text.*)
 *(.rela.gnu.linkonce.t*)

.rel.fini
 *(.rel.fini)

.rela.fini
 *(.rela.fini)

.rel.rodata
 *(.rel.rodata)
 *(.rel.rodata.*)
 *(.rel.gnu.linkonce.r*)

.rela.rodata
 *(.rela.rodata)
 *(.rela.rodata.*)
 *(.rela.gnu.linkonce.r*)

.rel.data
 *(.rel.data)
 *(.rel.data.*)
 *(.rel.gnu.linkonce.d*)

.rela.data
 *(.rela.data)
 *(.rela.data.*)
 *(.rela.gnu.linkonce.d*)

.rel.ctors
 *(.rel.ctors)

.rela.ctors
 *(.rela.ctors)

.rel.dtors
 *(.rel.dtors)

.rela.dtors
 *(.rela.dtors)

.rel.got
 *(.rel.got)

.rela.got
 *(.rela.got)

.rel.bss
 *(.rel.bss)

.rela.bss
 *(.rela.bss)

.rel.plt
 *(.rel.plt)

.rela.plt
 *(.rela.plt)

.text           0x0000000000000000     0x7b3c
 *(.vectors)
 .vectors       0x0000000000000000       0x68 /usr/lib/gcc/avr/5.4.0/../../../avr/lib/avr5/crtatmega328p.o
                0x0000000000000000                __vectors
                0x0000000000000000                __vector_default
 *(.vectors)
 *(.progmem.gcc*)
 .progmem.gcc   0x0000000000000068      0x128 ../Obj/mega328_color_kit/samplingADC.o
                0x0000000000000068                samplingADC
                0x0000000000000068                samplingADC_freqgen_sck
                0x0000000000000068                samplingADC_freqgen
                0x0000000000000190                . = ALIGN (0x2)
                0x0000000000000190                __trampolines_start = .
 *(.trampolines)
 .trampolines   0x0000000000000190        0x0 linker stubs
 *(.trampolines*)
                0x0000000000000190                __trampolines_end = .
 *libprintf_flt.a:*(.progmem.data)
 *libc.a:*(.progmem.data)
 *(.progmem*)
 .progmem.data.bmp_number
                0x0000000000000190        0x6 ../Obj/mega328_color_kit/lcd-draw.o
 .progmem.data.bmp_vakdiode
                0x0000000000000196       0x24 ../Obj/mega328_color_kit/main.o
                0x0000000000000196                bmp_vakdiode
 .progmem.data.bmp_three_data
                0x00000000000001ba        0x7 ../Obj/mega328_color_kit/main.o
                0x00000000000001ba                bmp_three_data
 .progmem.data.bmp_two_data
                0x00000000000001c1        0x7 ../Obj/mega328_color_kit/main.o
                0x00000000000001c1                bmp_two_data
 .progmem.data.bmp_one_data
                0x00000000000001c8        0x7 ../Obj/mega328_color_kit/main.o
                0x00000000000001c8                bmp_one_data
 .progmem.data.bmp_pnp
                0x00000000000001cf       0x10 ../Obj/mega328_color_kit/main.o
                0x00000000000001cf                bmp_pnp
 .progmem.data.bmp_p_jfet
                0x00000000000001df        0xa ../Obj/mega328_color_kit/main.o
                0x00000000000001df                bmp_p_jfet
 .progmem.data.bmp_p_d_mos
                0x00000000000001e9       0x10 ../Obj/mega328_color_kit/main.o
                0x00000000000001e9                bmp_p_d_mos
 .progmem.data.bmp_n_d_mos
                0x00000000000001f9        0x8 ../Obj/mega328_color_kit/main.o
                0x00000000000001f9                bmp_n_d_mos
 .progmem.data.bmp_p_e_mos
                0x0000000000000201        0xa ../Obj/mega328_color_kit/main.o
                0x0000000000000201                bmp_p_e_mos
 .progmem.data.bmp_p_d_igbt
                0x000000000000020b       0x2c ../Obj/mega328_color_kit/main.o
                0x000000000000020b                bmp_p_d_igbt
 .progmem.data.bmp_n_d_igbt
                0x0000000000000237        0xc ../Obj/mega328_color_kit/main.o
                0x0000000000000237                bmp_n_d_igbt
 .progmem.data.bmp_p_e_igbt
                0x0000000000000243       0x20 ../Obj/mega328_color_kit/main.o
                0x0000000000000243                bmp_p_e_igbt
 .progmem.data.PinRLRHADCtab
                0x0000000000000263        0x6 ../Obj/mega328_color_kit/main.o
                0x0000000000000263                PinRLRHADCtab
 .progmem.data.HelpCalibration_str
                0x0000000000000269       0x10 ../Obj/mega328_color_kit/main.o
                0x0000000000000269                HelpCalibration_str
 .progmem.data.RHtab
                0x0000000000000279       0x12 ../Obj/mega328_color_kit/main.o
                0x0000000000000279                RHtab
 .progmem.data.LogTab
                0x000000000000028b       0x66 ../Obj/mega328_color_kit/main.o
                0x000000000000028b                LogTab
 .progmem.data.bigfont
                0x00000000000002f1      0x2a0 ../Obj/mega328_color_kit/main.o
                0x00000000000002f1                bigfont
 .progmem.data.nfont
                0x0000000000000591      0x578 ../Obj/mega328_color_kit/main.o
                0x0000000000000591                nfont
 .progmem.data.sfont
                0x0000000000000b09       0x90 ../Obj/mega328_color_kit/main.o
                0x0000000000000b09                sfont
                0x0000000000000b9a                . = ALIGN (0x2)
 *fill*         0x0000000000000b99        0x1 
 *(.jumptables)
 *(.jumptables*)
 *(.lowtext)
 *(.lowtext*)
                0x0000000000000b9a                __ctors_start = .
 *(.ctors)
                0x0000000000000b9a                __ctors_end = .
                0x0000000000000b9a                __dtors_start = .
 *(.dtors)
                0x0000000000000b9a                __dtors_end = .
 SORT(*)(.ctors)
 SORT(*)(.dtors)
 *(.init0)
 .init0         0x0000000000000b9a        0x0 /usr/lib/gcc/avr/5.4.0/../../../avr/lib/avr5/crtatmega328p.o
                0x0000000000000b9a                __init
 *(.init0)
 *(.init1)
 *(.init1)
 *(.init2)
 .init2         0x0000000000000b9a        0xc /usr/lib/gcc/avr/5.4.0/../../../avr/lib/avr5/crtatmega328p.o
 *(.init2)
 *(.init3)
 *(.init3)
 *(.init4)
 .init4         0x0000000000000ba6       0x10 /usr/lib/gcc/avr/5.4.0/avr5/libgcc.a(_clear_bss.o)
                0x0000000000000ba6                __do_clear_bss
 *(.init4)
 *(.init5)
 *(.init5)
 *(.init6)
 *(.init6)
 *(.init7)
 *(.init7)
 *(.init8)
 *(.init8)
 *(.init9)
 .init9         0x0000000000000bb6        0x8 /usr/lib/gcc/avr/5.4.0/../../../avr/lib/avr5/crtatmega328p.o
 *(.init9)
 *(.text)
 .text          0x0000000000000bbe        0x2 /usr/lib/gcc/avr/5.4.0/../../../avr/lib/avr5/crtatmega328p.o
                0x0000000000000bbe                __vector_22
                0x0000000000000bbe                __vector_1
                0x0000000000000bbe                __vector_24
                0x0000000000000bbe                __bad_interrupt
                0x0000000000000bbe                __vector_6
                0x0000000000000bbe                __vector_3
                0x0000000000000bbe                __vector_23
                0x0000000000000bbe                __vector_25
                0x0000000000000bbe                __vector_17
                0x0000000000000bbe                __vector_19
                0x0000000000000bbe                __vector_4
                0x0000000000000bbe                __vector_9
                0x0000000000000bbe                __vector_2
                0x0000000000000bbe                __vector_15
                0x0000000000000bbe                __vector_8
                0x0000000000000bbe                __vector_14
                0x0000000000000bbe                __vector_18
                0x0000000000000bbe                __vector_20
 .text          0x0000000000000bc0       0x78 ../Obj/mega328_color_kit/lcd_hw_4_bit.o
                0x0000000000000bc0                _lcd_hw_write
 .text          0x0000000000000c38       0x36 ../Obj/mega328_color_kit/i2lcd.o
                0x0000000000000c38                i2lcd
                0x0000000000000c4e                u2lcd
                0x0000000000000c5c                i2lcd_space
                0x0000000000000c60                u2lcd_space
                0x0000000000000c62                lcd_space
                0x0000000000000c66                lcd_minus
                0x0000000000000c6a                lcd_equal
 .text          0x0000000000000c6e       0xbc ../Obj/mega328_color_kit/PinLayout.o
                0x0000000000000c6e                PinLayout
                0x0000000000000cbc                PinLayoutLine
                0x0000000000000d16                Rnum2pins
 .text          0x0000000000000d2a       0x4a ../Obj/mega328_color_kit/RvalOut.o
                0x0000000000000d2a                RvalOut
 .text          0x0000000000000d74       0xbe ../Obj/mega328_color_kit/UfAusgabe.o
                0x0000000000000d74                mVAusgabe
                0x0000000000000d90                UfAusgabe
                0x0000000000000dbc                SerienDiodenAusgabe
                0x0000000000000dde                DiodeSymbol_withPins
                0x0000000000000df6                DiodeSymbol_ApinCpin
                0x0000000000000e02                DiodeSymbol_ACpin
                0x0000000000000e14                DiodeSymbol_CpinApin
                0x0000000000000e20                DiodeSymbol_CApin
 .text          0x0000000000000e32       0x4a ../Obj/mega328_color_kit/wait1000ms.o
                0x0000000000000e32                wait5s
                0x0000000000000e34                wait4s
                0x0000000000000e36                wait3s
                0x0000000000000e38                wait2s
                0x0000000000000e3a                wait1000ms
                0x0000000000000e3a                wait1s
                0x0000000000000e3c                wait500ms
                0x0000000000000e3e                wait400ms
                0x0000000000000e40                wait300ms
                0x0000000000000e42                wait200ms
                0x0000000000000e44                wait100ms
                0x0000000000000e46                wait50ms
                0x0000000000000e48                wait40ms
                0x0000000000000e4a                wait30ms
                0x0000000000000e4c                wait20ms
                0x0000000000000e4e                wait10ms
                0x0000000000000e50                wait5ms
                0x0000000000000e54                wait4ms
                0x0000000000000e56                wait3ms
                0x0000000000000e58                wait2ms
                0x0000000000000e5a                wait1ms
                0x0000000000000e5c                wait500us
                0x0000000000000e5e                wait400us
                0x0000000000000e60                wait300us
                0x0000000000000e62                wait200us
                0x0000000000000e64                wait100us
                0x0000000000000e66                wait50us
                0x0000000000000e68                wait40us
                0x0000000000000e6a                wait30us
                0x0000000000000e6c                wait20us
                0x0000000000000e6e                wait10us
                0x0000000000000e70                wait5us
                0x0000000000000e72                wait4us
                0x0000000000000e74                wait3us
                0x0000000000000e76                wait2us
                0x0000000000000e78                wait1us
 .text          0x0000000000000e7c       0x5a ../Obj/mega328_color_kit/sleep_5ms.o
                0x0000000000000e7c                sleep_10ms
                0x0000000000000e7e                sleep_5ms
 .text          0x0000000000000ed6       0xfa ../Obj/mega328_color_kit/ReadADC.o
                0x0000000000000ed6                W20msReadADC
                0x0000000000000ede                W10msReadADC
                0x0000000000000ee4                W5msReadADC
                0x0000000000000eec                ReadADC
                0x0000000000000fa8                abs_diff
                0x0000000000000fb4                vcc_diff
                0x0000000000000fbe                unsigned_diff
 .text          0x0000000000000fd0       0xa6 ../Obj/mega328_color_kit/RefVoltage.o
                0x0000000000000fd0                RefVoltage
 .text          0x0000000000001076       0x7e ../Obj/mega328_color_kit/GetRLmultip.o
                0x0000000000001076                GetRLmultip
 .text          0x00000000000010f4       0x48 ../Obj/mega328_color_kit/get_log.o
                0x00000000000010f4                get_log
 .text          0x000000000000113c      0x34a ../Obj/mega328_color_kit/GetESR.o
                0x000000000000113c                GetESR
                0x0000000000001486                . = ALIGN (0x2)
 *(.text.*)
 .text.lcd_spaces
                0x0000000000001486       0x12 ../Obj/mega328_color_kit/lcd-routines.o
                0x0000000000001486                lcd_spaces
 .text.lcd_set_cursor
                0x0000000000001498       0x1a ../Obj/mega328_color_kit/lcd-routines.o
                0x0000000000001498                lcd_set_cursor
 .text.lcd_line1
                0x00000000000014b2        0xc ../Obj/mega328_color_kit/lcd-routines.o
                0x00000000000014b2                lcd_line1
 .text.lcd_line2
                0x00000000000014be        0xe ../Obj/mega328_color_kit/lcd-routines.o
                0x00000000000014be                lcd_line2
 .text.lcd_line3
                0x00000000000014cc        0xe ../Obj/mega328_color_kit/lcd-routines.o
                0x00000000000014cc                lcd_line3
 .text.lcd_line4
                0x00000000000014da        0xe ../Obj/mega328_color_kit/lcd-routines.o
                0x00000000000014da                lcd_line4
 .text.lcd_save_position
                0x00000000000014e8       0x12 ../Obj/mega328_color_kit/lcd-routines.o
                0x00000000000014e8                lcd_save_position
 .text.lcd_restore_position
                0x00000000000014fa        0xe ../Obj/mega328_color_kit/lcd-routines.o
                0x00000000000014fa                lcd_restore_position
 .text.lcd_write_word
                0x0000000000001508       0x14 ../Obj/mega328_color_kit/lcd-routines.o
                0x0000000000001508                lcd_write_word
 .text.lcd_command
                0x000000000000151c        0x8 ../Obj/mega328_color_kit/lcd-routines.o
                0x000000000000151c                lcd_command
 .text.lcd_clear
                0x0000000000001524       0x4a ../Obj/mega328_color_kit/lcd-routines.o
                0x0000000000001524                lcd_clear
 .text.lcd_init
                0x000000000000156e       0xca ../Obj/mega328_color_kit/lcd-routines.o
                0x000000000000156e                lcd_init
 .text.lcd_clear_line
                0x0000000000001638        0xc ../Obj/mega328_color_kit/lcd-routines.o
                0x0000000000001638                lcd_clear_line
 .text.lcd_next_line
                0x0000000000001644       0x34 ../Obj/mega328_color_kit/lcd-routines.o
                0x0000000000001644                lcd_next_line
 .text.lcd_next_line_wait
                0x0000000000001678        0x6 ../Obj/mega328_color_kit/lcd-routines.o
                0x0000000000001678                lcd_next_line_wait
 .text.lcd_clear_line1
                0x000000000000167e        0x8 ../Obj/mega328_color_kit/lcd-routines.o
                0x000000000000167e                lcd_clear_line1
 .text.lcd_clear_line2
                0x0000000000001686        0x8 ../Obj/mega328_color_kit/lcd-routines.o
                0x0000000000001686                lcd_clear_line2
 .text.reverse_byte
                0x000000000000168e       0x20 ../Obj/mega328_color_kit/lcd-routines.o
                0x000000000000168e                reverse_byte
 .text.lcd_set_pixels
                0x00000000000016ae      0x142 ../Obj/mega328_color_kit/lcd-routines.o
                0x00000000000016ae                lcd_set_pixels
 .text.lcd_big_icon
                0x00000000000017f0       0x64 ../Obj/mega328_color_kit/lcd-routines.o
                0x00000000000017f0                lcd_big_icon
 .text.lcd_update_icon_opt
                0x0000000000001854       0x2c ../Obj/mega328_color_kit/lcd-routines.o
                0x0000000000001854                lcd_update_icon_opt
 .text.lcd_update_icon
                0x0000000000001880        0x6 ../Obj/mega328_color_kit/lcd-routines.o
                0x0000000000001880                lcd_update_icon
 .text.lcd_data
                0x0000000000001886       0xa8 ../Obj/mega328_color_kit/lcd-routines.o
                0x0000000000001886                lcd_data
 .text.lcd_testpin
                0x000000000000192e        0x6 ../Obj/mega328_color_kit/lcd-routines.o
                0x000000000000192e                lcd_testpin
 .text.lcd_string
                0x0000000000001934       0x16 ../Obj/mega328_color_kit/lcd-routines.o
                0x0000000000001934                lcd_string
 .text.lcd_pgm_string
                0x000000000000194a       0x1a ../Obj/mega328_color_kit/lcd-routines.o
                0x000000000000194a                lcd_pgm_string
 .text.lcd_fix_string
                0x0000000000001964       0x1c ../Obj/mega328_color_kit/lcd-routines.o
                0x0000000000001964                lcd_fix_string
 .text.lcd_pgm_bitmap
                0x0000000000001980       0x16 ../Obj/mega328_color_kit/lcd-routines.o
                0x0000000000001980                lcd_pgm_bitmap
 .text.lcd_show_Cg
                0x0000000000001996       0x30 ../Obj/mega328_color_kit/lcd-routines.o
                0x0000000000001996                lcd_show_Cg
 .text.lcd_show_rds
                0x00000000000019c6       0x28 ../Obj/mega328_color_kit/lcd-routines.o
                0x00000000000019c6                lcd_show_rds
 .text.DisplayValue
                0x00000000000019ee      0x1d2 ../Obj/mega328_color_kit/DisplayValue.o
                0x00000000000019ee                DisplayValue
 .text.DisplayValue16
                0x0000000000001bc0       0x16 ../Obj/mega328_color_kit/DisplayValue.o
                0x0000000000001bc0                DisplayValue16
 .text.Display_mV
                0x0000000000001bd6       0x14 ../Obj/mega328_color_kit/DisplayValue.o
                0x0000000000001bd6                Display_mV
 .text.Display_Hz
                0x0000000000001bea       0x14 ../Obj/mega328_color_kit/DisplayValue.o
                0x0000000000001bea                Display_Hz
 .text.lcd_draw_pin
                0x0000000000001bfe       0x24 ../Obj/mega328_color_kit/lcd-draw.o
                0x0000000000001bfe                lcd_draw_pin
 .text.lcd_draw_trans_pins
                0x0000000000001c22       0x3e ../Obj/mega328_color_kit/lcd-draw.o
                0x0000000000001c22                lcd_draw_trans_pins
 .text.ShowIcons
                0x0000000000001c60      0x1da ../Obj/mega328_color_kit/lcd-draw.o
                0x0000000000001c60                ShowIcons
 .text.check_rotary
                0x0000000000001e3a       0x92 ../Obj/mega328_color_kit/wait_for_key_ms.o
                0x0000000000001e3a                check_rotary
 .text.wait_for_key_ms
                0x0000000000001ecc       0xd2 ../Obj/mega328_color_kit/wait_for_key_ms.o
                0x0000000000001ecc                wait_for_key_ms
 .text.wait_for_key_5s_line2
                0x0000000000001f9e       0x52 ../Obj/mega328_color_kit/wait_for_key_ms.o
                0x0000000000001f9e                wait_for_key_5s_line2
 .text.__vector_7
                0x0000000000001ff0        0x2 ../Obj/mega328_color_kit/main.o
                0x0000000000001ff0                __vector_7
 .text.__vector_21
                0x0000000000001ff2        0x2 ../Obj/mega328_color_kit/main.o
                0x0000000000001ff2                __vector_21
 .text.search_vak_diode
                0x0000000000001ff4       0x48 ../Obj/mega328_color_kit/main.o
                0x0000000000001ff4                search_vak_diode
 .text.init_parts
                0x000000000000203c       0x46 ../Obj/mega328_color_kit/main.o
                0x000000000000203c                init_parts
 .text.switch_tester_off
                0x0000000000002082        0xe ../Obj/mega328_color_kit/main.o
                0x0000000000002082                switch_tester_off
 .text.ShortedProbes
                0x0000000000002090       0x7e ../Obj/mega328_color_kit/main.o
                0x0000000000002090                ShortedProbes
 .text.AllProbesShorted
                0x000000000000210e       0x1e ../Obj/mega328_color_kit/main.o
                0x000000000000210e                AllProbesShorted
 .text.AutoCheck
                0x000000000000212c      0x760 ../Obj/mega328_color_kit/main.o
                0x000000000000212c                AutoCheck
 .text.mark_as_uncalibrated
                0x000000000000288c       0x24 ../Obj/mega328_color_kit/main.o
                0x000000000000288c                mark_as_uncalibrated
 .text.GetIr    0x00000000000028b0       0x8e ../Obj/mega328_color_kit/main.o
                0x00000000000028b0                GetIr
 .text.startup.main
                0x000000000000293e      0xb46 ../Obj/mega328_color_kit/main.o
                0x000000000000293e                main
 .text.Battery_check
                0x0000000000003484       0x9a ../Obj/mega328_color_kit/Battery_check.o
                0x0000000000003484                Battery_check
 .text.expand_FET_quadratic
                0x000000000000351e       0x4e ../Obj/mega328_color_kit/CheckPins.o
                0x000000000000351e                expand_FET_quadratic
 .text.CheckPins
                0x000000000000356c      0xdf6 ../Obj/mega328_color_kit/CheckPins.o
                0x000000000000356c                CheckPins
 .text.GetResistance
                0x0000000000004362      0x424 ../Obj/mega328_color_kit/GetResistance.o
                0x0000000000004362                GetResistance
 .text.ChargePin10ms
                0x0000000000004786       0x2e ../Obj/mega328_color_kit/ChargePin10ms.o
                0x0000000000004786                ChargePin10ms
 .text.EntladePins
                0x00000000000047b4      0x12c ../Obj/mega328_color_kit/EntladePins.o
                0x00000000000047b4                EntladePins
 .text.Scale_C_with_vcc
                0x00000000000048e0       0x80 ../Obj/mega328_color_kit/ReadCapacity.o
                0x00000000000048e0                Scale_C_with_vcc
 .text.ReadCapacity
                0x0000000000004960      0x5a0 ../Obj/mega328_color_kit/ReadCapacity.o
                0x0000000000004960                ReadCapacity
 .text.__vector_13
                0x0000000000004f00       0x4c ../Obj/mega328_color_kit/ReadCapacity.o
                0x0000000000004f00                __vector_13
 .text.__vector_10
                0x0000000000004f4c       0x44 ../Obj/mega328_color_kit/ReadCapacity.o
                0x0000000000004f4c                __vector_10
 .text.Calibrate_UR
                0x0000000000004f90      0x196 ../Obj/mega328_color_kit/Calibrate_UR.o
                0x0000000000004f90                Calibrate_UR
 .text.show_resis
                0x0000000000005126      0x17a ../Obj/mega328_color_kit/show_Resis_Cap.o
                0x0000000000005126                show_resis
 .text.show_cap
                0x00000000000052a0       0xee ../Obj/mega328_color_kit/show_Resis_Cap.o
                0x00000000000052a0                show_cap
 .text.Bat_update
                0x000000000000538e        0xe ../Obj/mega328_color_kit/show_Resis_Cap.o
                0x000000000000538e                Bat_update
 .text.Pwr_mode_check
                0x000000000000539c       0x14 ../Obj/mega328_color_kit/show_Resis_Cap.o
                0x000000000000539c                Pwr_mode_check
 .text.show_Resis13
                0x00000000000053b0       0x94 ../Obj/mega328_color_kit/show_Resis_Cap.o
                0x00000000000053b0                show_Resis13
 .text.show_Cap13
                0x0000000000005444       0xfa ../Obj/mega328_color_kit/show_Resis_Cap.o
                0x0000000000005444                show_Cap13
 .text.ReadInductance
                0x000000000000553e      0x462 ../Obj/mega328_color_kit/ReadInductance.o
                0x000000000000553e                ReadInductance
 .text.GetVloss
                0x00000000000059a0      0x15a ../Obj/mega328_color_kit/GetVloss.o
                0x00000000000059a0                GetVloss
 .text.message2line
                0x0000000000005afa       0x9a ../Obj/mega328_color_kit/function_menu.o
                0x0000000000005afa                message2line
 .text.show_C_ESR
                0x0000000000005b94       0xc6 ../Obj/mega328_color_kit/function_menu.o
                0x0000000000005b94                show_C_ESR
 .text.show_vext
                0x0000000000005c5a       0x7e ../Obj/mega328_color_kit/function_menu.o
                0x0000000000005c5a                show_vext
 .text.make_frequency
                0x0000000000005cd8      0x344 ../Obj/mega328_color_kit/function_menu.o
                0x0000000000005cd8                make_frequency
 .text.do_10bit_PWM
                0x000000000000601c      0x13a ../Obj/mega328_color_kit/function_menu.o
                0x000000000000601c                do_10bit_PWM
 .text.select_color
                0x0000000000006156      0x1f0 ../Obj/mega328_color_kit/function_menu.o
                0x0000000000006156                select_color
 .text.set_big_cap_corr
                0x0000000000006346       0xb6 ../Obj/mega328_color_kit/function_menu.o
                0x0000000000006346                set_big_cap_corr
 .text.do_menu  0x00000000000063fc       0x78 ../Obj/mega328_color_kit/function_menu.o
                0x00000000000063fc                do_menu
 .text.function_menu
                0x0000000000006474       0xd6 ../Obj/mega328_color_kit/function_menu.o
                0x0000000000006474                function_menu
 .text.message_key_released
                0x000000000000654a       0x28 ../Obj/mega328_color_kit/message_key_released.o
                0x000000000000654a                message_key_released
 .text.GetFrequency
                0x0000000000006572      0x356 ../Obj/mega328_color_kit/GetFrequency.o
                0x0000000000006572                GetFrequency
 .text.__vector_16
                0x00000000000068c8       0x4c ../Obj/mega328_color_kit/GetFrequency.o
                0x00000000000068c8                __vector_16
 .text.__vector_11
                0x0000000000006914       0x1c ../Obj/mega328_color_kit/GetFrequency.o
                0x0000000000006914                __vector_11
 .text.__vector_12
                0x0000000000006930       0x1c ../Obj/mega328_color_kit/GetFrequency.o
                0x0000000000006930                __vector_12
 .text.__vector_5
                0x000000000000694c       0x68 ../Obj/mega328_color_kit/GetFrequency.o
                0x000000000000694c                __vector_5
 .text.ReadBigCap
                0x00000000000069b4      0x260 ../Obj/mega328_color_kit/ReadBigCap.o
                0x00000000000069b4                ReadBigCap
 .text.ShowData
                0x0000000000006c14      0x22e ../Obj/mega328_color_kit/ShowData.o
                0x0000000000006c14                ShowData
 .text.mylog    0x0000000000006e42       0xb4 ../Obj/mega328_color_kit/sampling_cap.o
 .text.sampling_cap
                0x0000000000006ef6      0x1ba ../Obj/mega328_color_kit/sampling_cap.o
                0x0000000000006ef6                sampling_cap
 .text.sampling_cap_calibrate
                0x00000000000070b0       0xea ../Obj/mega328_color_kit/sampling_cap.o
                0x00000000000070b0                sampling_cap_calibrate
 .text.peaksearch
                0x000000000000719a      0x23c ../Obj/mega328_color_kit/sampling_lc.o
 .text.sampling_lc
                0x00000000000073d6      0x300 ../Obj/mega328_color_kit/sampling_lc.o
                0x00000000000073d6                sampling_lc
 .text.sampling_lc_calibrate
                0x00000000000076d6       0x8c ../Obj/mega328_color_kit/sampling_lc.o
                0x00000000000076d6                sampling_lc_calibrate
 .text.libgcc.mul
                0x0000000000007762       0x1e /usr/lib/gcc/avr/5.4.0/avr5/libgcc.a(_mulsi3.o)
                0x0000000000007762                __mulsi3
 .text.libgcc.div
                0x0000000000007780       0x18 /usr/lib/gcc/avr/5.4.0/avr5/libgcc.a(_udivmodqi4.o)
                0x0000000000007780                __udivmodqi4
 .text.libgcc.div
                0x0000000000007798       0x28 /usr/lib/gcc/avr/5.4.0/avr5/libgcc.a(_udivmodhi4.o)
                0x0000000000007798                __udivmodhi4
 .text.libgcc.div
                0x00000000000077c0       0x26 /usr/lib/gcc/avr/5.4.0/avr5/libgcc.a(_divmodhi4.o)
                0x00000000000077c0                __divmodhi4
                0x00000000000077c0                _div
 .text.libgcc.div
                0x00000000000077e6       0x44 /usr/lib/gcc/avr/5.4.0/avr5/libgcc.a(_udivmodsi4.o)
                0x00000000000077e6                __udivmodsi4
 .text.libgcc.div
                0x000000000000782a       0x28 /usr/lib/gcc/avr/5.4.0/avr5/libgcc.a(_divmodsi4.o)
                0x000000000000782a                __divmodsi4
 .text.libgcc.div
                0x0000000000007852       0x10 /usr/lib/gcc/avr/5.4.0/avr5/libgcc.a(_negsi2.o)
                0x0000000000007852                __negsi2
 .text.libgcc.mul
                0x0000000000007862       0x1e /usr/lib/gcc/avr/5.4.0/avr5/libgcc.a(_umulhisi3.o)
                0x0000000000007862                __umulhisi3
 .text.libgcc.mul
                0x0000000000007880        0xc /usr/lib/gcc/avr/5.4.0/avr5/libgcc.a(_usmulhisi3.o)
                0x0000000000007880                __usmulhisi3
                0x0000000000007882                __usmulhisi3_tail
 .text.libgcc.mul
                0x000000000000788c       0x14 /usr/lib/gcc/avr/5.4.0/avr5/libgcc.a(_muluhisi3.o)
                0x000000000000788c                __muluhisi3
 .text.libgcc.mul
                0x00000000000078a0        0xc /usr/lib/gcc/avr/5.4.0/avr5/libgcc.a(_mulshisi3.o)
                0x00000000000078a0                __mulshisi3
                0x00000000000078a4                __mulohisi3
 .text.libgcc.mul
                0x00000000000078ac       0x4e /usr/lib/gcc/avr/5.4.0/avr5/libgcc.a(_umulsidi3.o)
                0x00000000000078ac                __umulsidi3
                0x00000000000078ae                __umulsidi3_helper
 .text.libgcc.div
                0x00000000000078fa       0x1a /usr/lib/gcc/avr/5.4.0/avr5/libgcc.a(_udivdi3.o)
                0x00000000000078fa                __umoddi3
                0x00000000000078fe                __udivdi3
                0x0000000000007900                __udivdi3_umoddi3
 .text.libgcc.div
                0x0000000000007914       0xa2 /usr/lib/gcc/avr/5.4.0/avr5/libgcc.a(_udivmod64.o)
                0x0000000000007914                __udivmod64
 .text.libgcc.prologue
                0x00000000000079b6       0x38 /usr/lib/gcc/avr/5.4.0/avr5/libgcc.a(_prologue.o)
                0x00000000000079b6                __prologue_saves__
 .text.libgcc.prologue
                0x00000000000079ee       0x36 /usr/lib/gcc/avr/5.4.0/avr5/libgcc.a(_epilogue.o)
                0x00000000000079ee                __epilogue_restores__
 .text.libgcc.mul
                0x0000000000007a24       0x10 /usr/lib/gcc/avr/5.4.0/avr5/libgcc.a(_muldi3_6.o)
                0x0000000000007a24                __muldi3_6
 .text.avr-libc
                0x0000000000007a34       0x42 /usr/lib/gcc/avr/5.4.0/../../../avr/lib/avr5/libc.a(ultoa_ncheck.o)
                0x0000000000007a34                __ultoa_ncheck
                0x0000000000007a36                __ultoa_common
 .text.avr-libc
                0x0000000000007a76       0x14 /usr/lib/gcc/avr/5.4.0/../../../avr/lib/avr5/libc.a(utoa.o)
                0x0000000000007a76                utoa
                0x0000000000007a76                __utoa
 .text.avr-libc
                0x0000000000007a8a       0x32 /usr/lib/gcc/avr/5.4.0/../../../avr/lib/avr5/libc.a(utoa_ncheck.o)
                0x0000000000007a8a                __utoa_ncheck
                0x0000000000007a8c                __utoa_common
 .text.avr-libc
                0x0000000000007abc       0x20 /usr/lib/gcc/avr/5.4.0/../../../avr/lib/avr5/libc.a(strrev.o)
                0x0000000000007abc                strrev
 .text.avr-libc
                0x0000000000007adc       0x10 /usr/lib/gcc/avr/5.4.0/../../../avr/lib/avr5/libatmega328p.a(eerd_byte.o)
                0x0000000000007adc                eeprom_read_byte
 .text.avr-libc
                0x0000000000007aec        0xa /usr/lib/gcc/avr/5.4.0/../../../avr/lib/avr5/libatmega328p.a(eerd_word.o)
                0x0000000000007aec                eeprom_read_word
 .text.avr-libc
                0x0000000000007af6       0x1c /usr/lib/gcc/avr/5.4.0/../../../avr/lib/avr5/libatmega328p.a(eewr_byte.o)
                0x0000000000007af6                eeprom_write_byte
                0x0000000000007af8                eeprom_write_r18
 .text.avr-libc
                0x0000000000007b12        0x6 /usr/lib/gcc/avr/5.4.0/../../../avr/lib/avr5/libatmega328p.a(eewr_word.o)
                0x0000000000007b12                eeprom_write_word
 .text.avr-libc
                0x0000000000007b18       0x20 /usr/lib/gcc/avr/5.4.0/../../../avr/lib/avr5/libatmega328p.a(eerd_block.o)
                0x0000000000007b18                eeprom_read_block
                0x0000000000007b1c                eeprom_read_blraw
                0x0000000000007b38                . = ALIGN (0x2)
 *(.fini9)
 .fini9         0x0000000000007b38        0x0 /usr/lib/gcc/avr/5.4.0/avr5/libgcc.a(_exit.o)
                0x0000000000007b38                exit
                0x0000000000007b38                _exit
 *(.fini9)
 *(.fini8)
 *(.fini8)
 *(.fini7)
 *(.fini7)
 *(.fini6)
 *(.fini6)
 *(.fini5)
 *(.fini5)
 *(.fini4)
 *(.fini4)
 *(.fini3)
 *(.fini3)
 *(.fini2)
 *(.fini2)
 *(.fini1)
 *(.fini1)
 *(.fini0)
 .fini0         0x0000000000007b38        0x4 /usr/lib/gcc/avr/5.4.0/avr5/libgcc.a(_exit.o)
 *(.fini0)
                0x0000000000007b3c                _etext = .

.data           0x0000000000800100        0x0 load address 0x0000000000007b3c
                [!provide]                        PROVIDE (__data_start, .)
 *(.data)
 *(.data*)
 *(.gnu.linkonce.d*)
 *(.rodata)
 *(.rodata*)
 *(.gnu.linkonce.r*)
                0x0000000000800100                . = ALIGN (0x2)
                0x0000000000800100                _edata = .
                [!provide]                        PROVIDE (__data_end, .)

.bss            0x0000000000800100       0xcc
                0x0000000000800100                PROVIDE (__bss_start, .)
 *(.bss)
 *(.bss*)
 *(COMMON)
 COMMON         0x0000000000800100        0x6 ../Obj/mega328_color_kit/lcd-routines.o
                0x0000000000800100                icon_yy
                0x0000000000800101                last_text_column
                0x0000000000800102                last_text_line
                0x0000000000800103                _page
                0x0000000000800104                _xpos
                0x0000000000800105                icon_xx
 COMMON         0x0000000000800106       0xba ../Obj/mega328_color_kit/main.o
                0x0000000000800106                diode_sequence
                0x0000000000800107                ext_freq
                0x000000000080010b                display_time
                0x000000000080010d                rotary
                0x0000000000800114                resis680mi
                0x0000000000800116                ref_mv_offs
                0x0000000000800118                NumOfDiodes
                0x0000000000800119                PartMode
                0x000000000080011a                PartFound
                0x000000000080011b                lcd_bg_color
                0x000000000080011d                resis680pl
                0x000000000080011f                tmpval
                0x0000000000800120                adc_vcc_reference
                0x0000000000800122                inductor_lpre
                0x0000000000800123                mess_count
                0x0000000000800124                outval
                0x000000000080012e                ADCconfig
                0x0000000000800134                pin_rpl
                0x0000000000800136                ref_mv
                0x0000000000800138                DC_Pwr_mode
                0x0000000000800139                tmpval2
                0x000000000080013a                UnCalibrated
                0x000000000080013b                pin_rmi
                0x000000000080013d                WithReference
                0x000000000080013e                _lcd_column
                0x000000000080013f                _trans
                0x0000000000800141                last_line_used
                0x0000000000800142                ntrans
                0x0000000000800152                empty_count
                0x0000000000800153                pin_combination
                0x0000000000800154                ovcnt16
                0x0000000000800156                cell_mv
                0x000000000080015c                lcd_fg_color
                0x000000000080015e                ResistorChecked
                0x0000000000800161                ResistorList
                0x0000000000800164                ptrans
                0x0000000000800174                pinchange_max
                0x0000000000800176                pinchange_count
                0x0000000000800178                adc_internal_reference
                0x000000000080017a                ResistorsFound
                0x000000000080017b                rotary_switch_present
                0x000000000080017c                unfinished
                0x000000000080017d                RHmultip
                0x000000000080017f                cap
                0x0000000000800193                load_diff
                0x0000000000800195                lcd_fg2_color
                0x0000000000800197                diodes
                0x00000000008001af                inductor_lx
                0x00000000008001b3                lcd_text_line
                0x00000000008001b4                ResistorVal
 COMMON         0x00000000008001c0        0xc ../Obj/mega328_color_kit/sampling_lc.o
                0x00000000008001c0                lc_fx
                0x00000000008001c4                lc_cpartmp
                0x00000000008001c6                lc_qx
                0x00000000008001c8                lc_lx
                0x00000000008001cc                PROVIDE (__bss_end, .)
                0x0000000000007b3c                __data_load_start = LOADADDR (.data)
                0x0000000000007b3c                __data_load_end = (__data_load_start + SIZEOF (.data))

.noinit         0x00000000008001cc        0x0
                [!provide]                        PROVIDE (__noinit_start, .)
 *(.noinit*)
                [!provide]                        PROVIDE (__noinit_end, .)
                0x00000000008001cc                _end = .
                [!provide]                        PROVIDE (__heap_start, .)

.eeprom         0x0000000000810000      0x36b
 *(.eeprom*)
 .eeprom        0x0000000000810000      0x35a ../Obj/mega328_color_kit/main.o
                0x0000000000810006                cap_for_l_meas_str
                0x0000000000810016                REF_R_str
                0x000000000081001d                REF_C_str
                0x0000000000810024                MinCap_str
                0x000000000081002c                PrefixTab
                0x0000000000810034                ResIcon3
                0x000000000081003c                ResIcon2
                0x0000000000810044                ResIcon1
                0x000000000081004c                DiodeIcon2
                0x0000000000810054                DiodeIcon1
                0x000000000081005c                CapIcon
                0x0000000000810064                RDS_str
                0x0000000000810069                CMETER_13_str
                0x000000000081006d                CAP_13_str
                0x0000000000810074                RESIS_13_str
                0x000000000081007f                C_ESR_str
                0x000000000081008b                FatTP2_str
                0x0000000000810091                T50HZ
                0x0000000000810097                C0samp_str
                0x000000000081009f                C0_str
                0x00000000008100a3                RILO_str
                0x00000000008100aa                RIHI_str
                0x00000000008100b1                R0_str
                0x00000000008100b5                RHRL_str
                0x00000000008100bb                RHRH_str
                0x00000000008100c9                RLRL_str
                0x00000000008100d7                RH1H_str
                0x00000000008100db                RH1L_str
                0x00000000008100df                RHfakt_str
                0x00000000008100e4                URef_str
                0x00000000008100e9                BackColor_str
                0x00000000008100f3                FrontColor_str
                0x00000000008100fe                ICEs_str
                0x0000000000810104                ICE0_str
                0x000000000081010a                VERSION_str
                0x0000000000810118                Inductor_str
                0x000000000081011d                Resistor_str
                0x0000000000810122                Dioden
                0x0000000000810127                zQ_str
                0x000000000081012c                iF_str
                0x0000000000810131                AT05volt
                0x0000000000810138                KatAn_str
                0x000000000081013c                AnKat_str
                0x0000000000810140                Vext_str
                0x0000000000810146                Ir_str
                0x000000000081014a                Lis_str
                0x000000000081014d                VLOSS_str
                0x0000000000810155                ESR_str
                0x000000000081015b                VCC_str
                0x0000000000810160                Cell_str
                0x0000000000810166                CapZeich
                0x000000000081016a                Vgs_str
                0x000000000081016f                vt_str
                0x0000000000810174                Uf_str
                0x0000000000810178                Ube_str
                0x000000000081017d                N123_str
                0x0000000000810183                Pin_str
                0x0000000000810188                PNP_str
                0x0000000000810190                NPN_str
                0x0000000000810198                Cap_str
                0x000000000081019b                GateCap_str
                0x000000000081019f                hfe_str
                0x00000000008101a4                igbt_str
                0x00000000008101aa                jfet_str
                0x00000000008101af                mosfet_str
                0x00000000008101b4                DC_Pwr_Mode_str
                0x00000000008101c0                OK_str
                0x00000000008101c3                Bat_str
                0x00000000008101c9                FREQ_str
                0x00000000008101d3                SHORT_PROBES_str
                0x00000000008101e1                FULLCHECK_str
                0x00000000008101ea                TURN_str
                0x00000000008101f0                SetCapCorr_str
                0x0000000000810200                PWM_10bit_str
                0x000000000081020b                F_GEN_str
                0x0000000000810217                OFF_str
                0x0000000000810222                SHOW_str
                0x000000000081022c                VOLTAGE_str
                0x0000000000810234                TESTER_str
                0x000000000081023f                SELECTION_str
                0x000000000081024a                ATE
                0x0000000000810253                RELPROBE
                0x0000000000810263                SELFTEST
                0x0000000000810273                TestTimedOut
                0x000000000081027c                Detected
                0x0000000000810286                TestFailed1
                0x0000000000810296                Unknown
                0x000000000081029f                Thyristor
                0x00000000008102a8                Triac
                0x00000000008102ae                Bauteil
                0x00000000008102b3                TestFailed2
                0x00000000008102bc                BatEmpty
                0x00000000008102c3                BatWeak
                0x00000000008102c8                TestRunning
                0x00000000008102d1                RLtab
                0x000000000081032b                EE_FG_COLOR2
                0x000000000081032c                EE_FG_COLOR1
                0x000000000081032d                EE_BG_COLOR2
                0x000000000081032e                EE_BG_COLOR1
                0x000000000081032f                EE_ESR_ZEROtab
                0x0000000000810333                big_cap_corr
                0x0000000000810334                c_zero_tab2_hi
                0x0000000000810342                c_zero_tab2_lo
                0x0000000000810350                c_zero_tab
                0x0000000000810357                ref_offset
                0x0000000000810359                RefDiff
 .eeprom        0x000000000081035a        0xf ../Obj/mega328_color_kit/show_Resis_Cap.o
                0x000000000081035a                RL_METER_str
 .eeprom        0x0000000000810369        0x2 ../Obj/mega328_color_kit/sampling_lc.o
                0x0000000000810369                lc_cpar_ee
                0x000000000081036b                __eeprom_end = .

.fuse
 *(.fuse)
 *(.lfuse)
 *(.hfuse)
 *(.efuse)

.lock
 *(.lock*)

.signature
 *(.signature*)

.user_signatures
 *(.user_signatures*)

.stab
 *(.stab)

.stabstr
 *(.stabstr)

.stab.excl
 *(.stab.excl)

.stab.exclstr
 *(.stab.exclstr)

.stab.index
 *(.stab.index)

.stab.indexstr
 *(.stab.indexstr)

.comment        0x0000000000000000       0x11
 *(.comment)
 .comment       0x0000000000000000       0x11 ../Obj/mega328_color_kit/lcd-routines.o
                                         0x12 (size before relaxing)
 .comment       0x0000000000000011       0x12 ../Obj/mega328_color_kit/DisplayValue.o
 .comment       0x0000000000000011       0x12 ../Obj/mega328_color_kit/lcd-draw.o
 .comment       0x0000000000000011       0x12 ../Obj/mega328_color_kit/wait_for_key_ms.o
 .comment       0x0000000000000011       0x12 ../Obj/mega328_color_kit/main.o
 .comment       0x0000000000000011       0x12 ../Obj/mega328_color_kit/Battery_check.o
 .comment       0x0000000000000011       0x12 ../Obj/mega328_color_kit/CheckPins.o
 .comment       0x0000000000000011       0x12 ../Obj/mega328_color_kit/GetResistance.o
 .comment       0x0000000000000011       0x12 ../Obj/mega328_color_kit/ChargePin10ms.o
 .comment       0x0000000000000011       0x12 ../Obj/mega328_color_kit/EntladePins.o
 .comment       0x0000000000000011       0x12 ../Obj/mega328_color_kit/ReadCapacity.o
 .comment       0x0000000000000011       0x12 ../Obj/mega328_color_kit/Calibrate_UR.o
 .comment       0x0000000000000011       0x12 ../Obj/mega328_color_kit/show_Resis_Cap.o
 .comment       0x0000000000000011       0x12 ../Obj/mega328_color_kit/ReadInductance.o
 .comment       0x0000000000000011       0x12 ../Obj/mega328_color_kit/GetVloss.o
 .comment       0x0000000000000011       0x12 ../Obj/mega328_color_kit/function_menu.o
 .comment       0x0000000000000011       0x12 ../Obj/mega328_color_kit/message_key_released.o
 .comment       0x0000000000000011       0x12 ../Obj/mega328_color_kit/GetFrequency.o
 .comment       0x0000000000000011       0x12 ../Obj/mega328_color_kit/ReadBigCap.o
 .comment       0x0000000000000011       0x12 ../Obj/mega328_color_kit/ShowData.o
 .comment       0x0000000000000011       0x12 ../Obj/mega328_color_kit/sampling_cap.o
 .comment       0x0000000000000011       0x12 ../Obj/mega328_color_kit/sampling_lc.o

.note.gnu.avr.deviceinfo
                0x0000000000000000       0x40
 .note.gnu.avr.deviceinfo
                0x0000000000000000       0x40 /usr/lib/gcc/avr/5.4.0/../../../avr/lib/avr5/crtatmega328p.o

.note.gnu.build-id
 *(.note.gnu.build-id)

.debug
 *(.debug)

.line
 *(.line)

.debug_srcinfo
 *(.debug_srcinfo)

.debug_sfnames
 *(.debug_sfnames)

.debug_aranges  0x0000000000000000      0x6a0
 *(.debug_aranges)
 .debug_aranges
                0x0000000000000000       0x20 ../Obj/mega328_color_kit/lcd_hw_4_bit.o
 .debug_aranges
                0x0000000000000020      0x110 ../Obj/mega328_color_kit/lcd-routines.o
 .debug_aranges
                0x0000000000000130       0x20 ../Obj/mega328_color_kit/i2lcd.o
 .debug_aranges
                0x0000000000000150       0x20 ../Obj/mega328_color_kit/PinLayout.o
 .debug_aranges
                0x0000000000000170       0x20 ../Obj/mega328_color_kit/RvalOut.o
 .debug_aranges
                0x0000000000000190       0x20 ../Obj/mega328_color_kit/UfAusgabe.o
 .debug_aranges
                0x00000000000001b0       0x38 ../Obj/mega328_color_kit/DisplayValue.o
 .debug_aranges
                0x00000000000001e8       0x30 ../Obj/mega328_color_kit/lcd-draw.o
 .debug_aranges
                0x0000000000000218       0x20 ../Obj/mega328_color_kit/wait1000ms.o
 .debug_aranges
                0x0000000000000238       0x20 ../Obj/mega328_color_kit/sleep_5ms.o
 .debug_aranges
                0x0000000000000258       0x20 ../Obj/mega328_color_kit/ReadADC.o
 .debug_aranges
                0x0000000000000278       0x30 ../Obj/mega328_color_kit/wait_for_key_ms.o
 .debug_aranges
                0x00000000000002a8       0x20 ../Obj/mega328_color_kit/RefVoltage.o
 .debug_aranges
                0x00000000000002c8       0x70 ../Obj/mega328_color_kit/main.o
 .debug_aranges
                0x0000000000000338       0x20 ../Obj/mega328_color_kit/Battery_check.o
 .debug_aranges
                0x0000000000000358       0x28 ../Obj/mega328_color_kit/CheckPins.o
 .debug_aranges
                0x0000000000000380       0x20 ../Obj/mega328_color_kit/GetResistance.o
 .debug_aranges
                0x00000000000003a0       0x20 ../Obj/mega328_color_kit/ChargePin10ms.o
 .debug_aranges
                0x00000000000003c0       0x20 ../Obj/mega328_color_kit/EntladePins.o
 .debug_aranges
                0x00000000000003e0       0x38 ../Obj/mega328_color_kit/ReadCapacity.o
 .debug_aranges
                0x0000000000000418       0x20 ../Obj/mega328_color_kit/GetRLmultip.o
 .debug_aranges
                0x0000000000000438       0x20 ../Obj/mega328_color_kit/Calibrate_UR.o
 .debug_aranges
                0x0000000000000458       0x48 ../Obj/mega328_color_kit/show_Resis_Cap.o
 .debug_aranges
                0x00000000000004a0       0x20 ../Obj/mega328_color_kit/get_log.o
 .debug_aranges
                0x00000000000004c0       0x20 ../Obj/mega328_color_kit/ReadInductance.o
 .debug_aranges
                0x00000000000004e0       0x20 ../Obj/mega328_color_kit/GetESR.o
 .debug_aranges
                0x0000000000000500       0x20 ../Obj/mega328_color_kit/GetVloss.o
 .debug_aranges
                0x0000000000000520       0x60 ../Obj/mega328_color_kit/function_menu.o
 .debug_aranges
                0x0000000000000580       0x20 ../Obj/mega328_color_kit/message_key_released.o
 .debug_aranges
                0x00000000000005a0       0x40 ../Obj/mega328_color_kit/GetFrequency.o
 .debug_aranges
                0x00000000000005e0       0x20 ../Obj/mega328_color_kit/ReadBigCap.o
 .debug_aranges
                0x0000000000000600       0x20 ../Obj/mega328_color_kit/ShowData.o
 .debug_aranges
                0x0000000000000620       0x20 ../Obj/mega328_color_kit/samplingADC.o
 .debug_aranges
                0x0000000000000640       0x30 ../Obj/mega328_color_kit/sampling_cap.o
 .debug_aranges
                0x0000000000000670       0x30 ../Obj/mega328_color_kit/sampling_lc.o

.debug_pubnames
 *(.debug_pubnames)

.debug_info     0x0000000000000000     0xcb63
 *(.debug_info .gnu.linkonce.wi.*)
 .debug_info    0x0000000000000000      0x5f4 /usr/lib/gcc/avr/5.4.0/../../../avr/lib/avr5/crtatmega328p.o
 .debug_info    0x00000000000005f4       0x72 ../Obj/mega328_color_kit/lcd_hw_4_bit.o
 .debug_info    0x0000000000000666     0x12e3 ../Obj/mega328_color_kit/lcd-routines.o
 .debug_info    0x0000000000001949       0x6b ../Obj/mega328_color_kit/i2lcd.o
 .debug_info    0x00000000000019b4       0x6f ../Obj/mega328_color_kit/PinLayout.o
 .debug_info    0x0000000000001a23       0x6d ../Obj/mega328_color_kit/RvalOut.o
 .debug_info    0x0000000000001a90       0x6f ../Obj/mega328_color_kit/UfAusgabe.o
 .debug_info    0x0000000000001aff      0x483 ../Obj/mega328_color_kit/DisplayValue.o
 .debug_info    0x0000000000001f82      0xa2c ../Obj/mega328_color_kit/lcd-draw.o
 .debug_info    0x00000000000029ae       0x70 ../Obj/mega328_color_kit/wait1000ms.o
 .debug_info    0x0000000000002a1e       0x6f ../Obj/mega328_color_kit/sleep_5ms.o
 .debug_info    0x0000000000002a8d       0x6d ../Obj/mega328_color_kit/ReadADC.o
 .debug_info    0x0000000000002afa      0x31f ../Obj/mega328_color_kit/wait_for_key_ms.o
 .debug_info    0x0000000000002e19       0x70 ../Obj/mega328_color_kit/RefVoltage.o
 .debug_info    0x0000000000002e89     0x36b2 ../Obj/mega328_color_kit/main.o
 .debug_info    0x000000000000653b      0x245 ../Obj/mega328_color_kit/Battery_check.o
 .debug_info    0x0000000000006780     0x11c3 ../Obj/mega328_color_kit/CheckPins.o
 .debug_info    0x0000000000007943      0x60e ../Obj/mega328_color_kit/GetResistance.o
 .debug_info    0x0000000000007f51       0xc3 ../Obj/mega328_color_kit/ChargePin10ms.o
 .debug_info    0x0000000000008014      0x1a4 ../Obj/mega328_color_kit/EntladePins.o
 .debug_info    0x00000000000081b8      0x5e4 ../Obj/mega328_color_kit/ReadCapacity.o
 .debug_info    0x000000000000879c       0x71 ../Obj/mega328_color_kit/GetRLmultip.o
 .debug_info    0x000000000000880d      0x2b5 ../Obj/mega328_color_kit/Calibrate_UR.o
 .debug_info    0x0000000000008ac2      0xb57 ../Obj/mega328_color_kit/show_Resis_Cap.o
 .debug_info    0x0000000000009619       0x6d ../Obj/mega328_color_kit/get_log.o
 .debug_info    0x0000000000009686      0x479 ../Obj/mega328_color_kit/ReadInductance.o
 .debug_info    0x0000000000009aff       0x6c ../Obj/mega328_color_kit/GetESR.o
 .debug_info    0x0000000000009b6b      0x31b ../Obj/mega328_color_kit/GetVloss.o
 .debug_info    0x0000000000009e86      0xf0c ../Obj/mega328_color_kit/function_menu.o
 .debug_info    0x000000000000ad92      0x120 ../Obj/mega328_color_kit/message_key_released.o
 .debug_info    0x000000000000aeb2      0x410 ../Obj/mega328_color_kit/GetFrequency.o
 .debug_info    0x000000000000b2c2      0x39e ../Obj/mega328_color_kit/ReadBigCap.o
 .debug_info    0x000000000000b660      0x700 ../Obj/mega328_color_kit/ShowData.o
 .debug_info    0x000000000000bd60       0x71 ../Obj/mega328_color_kit/samplingADC.o
 .debug_info    0x000000000000bdd1      0x5e8 ../Obj/mega328_color_kit/sampling_cap.o
 .debug_info    0x000000000000c3b9      0x7aa ../Obj/mega328_color_kit/sampling_lc.o

.debug_abbrev   0x0000000000000000     0x2792
 *(.debug_abbrev)
 .debug_abbrev  0x0000000000000000      0x5a2 /usr/lib/gcc/avr/5.4.0/../../../avr/lib/avr5/crtatmega328p.o
 .debug_abbrev  0x00000000000005a2       0x14 ../Obj/mega328_color_kit/lcd_hw_4_bit.o
 .debug_abbrev  0x00000000000005b6      0x2a2 ../Obj/mega328_color_kit/lcd-routines.o
 .debug_abbrev  0x0000000000000858       0x14 ../Obj/mega328_color_kit/i2lcd.o
 .debug_abbrev  0x000000000000086c       0x14 ../Obj/mega328_color_kit/PinLayout.o
 .debug_abbrev  0x0000000000000880       0x14 ../Obj/mega328_color_kit/RvalOut.o
 .debug_abbrev  0x0000000000000894       0x14 ../Obj/mega328_color_kit/UfAusgabe.o
 .debug_abbrev  0x00000000000008a8      0x1a5 ../Obj/mega328_color_kit/DisplayValue.o
 .debug_abbrev  0x0000000000000a4d      0x178 ../Obj/mega328_color_kit/lcd-draw.o
 .debug_abbrev  0x0000000000000bc5       0x14 ../Obj/mega328_color_kit/wait1000ms.o
 .debug_abbrev  0x0000000000000bd9       0x14 ../Obj/mega328_color_kit/sleep_5ms.o
 .debug_abbrev  0x0000000000000bed       0x14 ../Obj/mega328_color_kit/ReadADC.o
 .debug_abbrev  0x0000000000000c01      0x15f ../Obj/mega328_color_kit/wait_for_key_ms.o
 .debug_abbrev  0x0000000000000d60       0x14 ../Obj/mega328_color_kit/RefVoltage.o
 .debug_abbrev  0x0000000000000d74      0x33d ../Obj/mega328_color_kit/main.o
 .debug_abbrev  0x00000000000010b1       0xcf ../Obj/mega328_color_kit/Battery_check.o
 .debug_abbrev  0x0000000000001180      0x1ae ../Obj/mega328_color_kit/CheckPins.o
 .debug_abbrev  0x000000000000132e      0x160 ../Obj/mega328_color_kit/GetResistance.o
 .debug_abbrev  0x000000000000148e       0x7f ../Obj/mega328_color_kit/ChargePin10ms.o
 .debug_abbrev  0x000000000000150d       0xbb ../Obj/mega328_color_kit/EntladePins.o
 .debug_abbrev  0x00000000000015c8      0x194 ../Obj/mega328_color_kit/ReadCapacity.o
 .debug_abbrev  0x000000000000175c       0x14 ../Obj/mega328_color_kit/GetRLmultip.o
 .debug_abbrev  0x0000000000001770       0xe3 ../Obj/mega328_color_kit/Calibrate_UR.o
 .debug_abbrev  0x0000000000001853      0x1f4 ../Obj/mega328_color_kit/show_Resis_Cap.o
 .debug_abbrev  0x0000000000001a47       0x14 ../Obj/mega328_color_kit/get_log.o
 .debug_abbrev  0x0000000000001a5b      0x160 ../Obj/mega328_color_kit/ReadInductance.o
 .debug_abbrev  0x0000000000001bbb       0x14 ../Obj/mega328_color_kit/GetESR.o
 .debug_abbrev  0x0000000000001bcf      0x140 ../Obj/mega328_color_kit/GetVloss.o
 .debug_abbrev  0x0000000000001d0f      0x23a ../Obj/mega328_color_kit/function_menu.o
 .debug_abbrev  0x0000000000001f49       0xb7 ../Obj/mega328_color_kit/message_key_released.o
 .debug_abbrev  0x0000000000002000      0x16f ../Obj/mega328_color_kit/GetFrequency.o
 .debug_abbrev  0x000000000000216f      0x17c ../Obj/mega328_color_kit/ReadBigCap.o
 .debug_abbrev  0x00000000000022eb      0x11d ../Obj/mega328_color_kit/ShowData.o
 .debug_abbrev  0x0000000000002408       0x14 ../Obj/mega328_color_kit/samplingADC.o
 .debug_abbrev  0x000000000000241c      0x189 ../Obj/mega328_color_kit/sampling_cap.o
 .debug_abbrev  0x00000000000025a5      0x1ed ../Obj/mega328_color_kit/sampling_lc.o

.debug_line     0x0000000000000000     0x7fc3
 *(.debug_line .debug_line.* .debug_line_end)
 .debug_line    0x0000000000000000       0x1a /usr/lib/gcc/avr/5.4.0/../../../avr/lib/avr5/crtatmega328p.o
 .debug_line    0x000000000000001a      0x1a2 ../Obj/mega328_color_kit/lcd_hw_4_bit.o
 .debug_line    0x00000000000001bc      0x804 ../Obj/mega328_color_kit/lcd-routines.o
 .debug_line    0x00000000000009c0       0xd4 ../Obj/mega328_color_kit/i2lcd.o
 .debug_line    0x0000000000000a94      0x254 ../Obj/mega328_color_kit/PinLayout.o
 .debug_line    0x0000000000000ce8      0x106 ../Obj/mega328_color_kit/RvalOut.o
 .debug_line    0x0000000000000dee      0x264 ../Obj/mega328_color_kit/UfAusgabe.o
 .debug_line    0x0000000000001052      0x26c ../Obj/mega328_color_kit/DisplayValue.o
 .debug_line    0x00000000000012be      0x351 ../Obj/mega328_color_kit/lcd-draw.o
 .debug_line    0x000000000000160f      0x116 ../Obj/mega328_color_kit/wait1000ms.o
 .debug_line    0x0000000000001725      0x126 ../Obj/mega328_color_kit/sleep_5ms.o
 .debug_line    0x000000000000184b      0x269 ../Obj/mega328_color_kit/ReadADC.o
 .debug_line    0x0000000000001ab4      0x2de ../Obj/mega328_color_kit/wait_for_key_ms.o
 .debug_line    0x0000000000001d92      0x1c3 ../Obj/mega328_color_kit/RefVoltage.o
 .debug_line    0x0000000000001f55     0x1425 ../Obj/mega328_color_kit/main.o
 .debug_line    0x000000000000337a      0x132 ../Obj/mega328_color_kit/Battery_check.o
 .debug_line    0x00000000000034ac      0xad4 ../Obj/mega328_color_kit/CheckPins.o
 .debug_line    0x0000000000003f80      0x2e8 ../Obj/mega328_color_kit/GetResistance.o
 .debug_line    0x0000000000004268       0xa6 ../Obj/mega328_color_kit/ChargePin10ms.o
 .debug_line    0x000000000000430e      0x1dc ../Obj/mega328_color_kit/EntladePins.o
 .debug_line    0x00000000000044ea      0x510 ../Obj/mega328_color_kit/ReadCapacity.o
 .debug_line    0x00000000000049fa      0x188 ../Obj/mega328_color_kit/GetRLmultip.o
 .debug_line    0x0000000000004b82      0x1b5 ../Obj/mega328_color_kit/Calibrate_UR.o
 .debug_line    0x0000000000004d37      0x443 ../Obj/mega328_color_kit/show_Resis_Cap.o
 .debug_line    0x000000000000517a       0xfa ../Obj/mega328_color_kit/get_log.o
 .debug_line    0x0000000000005274      0x3a6 ../Obj/mega328_color_kit/ReadInductance.o
 .debug_line    0x000000000000561a      0x8aa ../Obj/mega328_color_kit/GetESR.o
 .debug_line    0x0000000000005ec4      0x1fb ../Obj/mega328_color_kit/GetVloss.o
 .debug_line    0x00000000000060bf      0xba5 ../Obj/mega328_color_kit/function_menu.o
 .debug_line    0x0000000000006c64       0xb9 ../Obj/mega328_color_kit/message_key_released.o
 .debug_line    0x0000000000006d1d      0x37d ../Obj/mega328_color_kit/GetFrequency.o
 .debug_line    0x000000000000709a      0x250 ../Obj/mega328_color_kit/ReadBigCap.o
 .debug_line    0x00000000000072ea      0x22e ../Obj/mega328_color_kit/ShowData.o
 .debug_line    0x0000000000007518      0x309 ../Obj/mega328_color_kit/samplingADC.o
 .debug_line    0x0000000000007821      0x2b0 ../Obj/mega328_color_kit/sampling_cap.o
 .debug_line    0x0000000000007ad1      0x4f2 ../Obj/mega328_color_kit/sampling_lc.o

.debug_frame    0x0000000000000000      0xda4
 *(.debug_frame)
 .debug_frame   0x0000000000000000      0x2b8 ../Obj/mega328_color_kit/lcd-routines.o
 .debug_frame   0x00000000000002b8       0x94 ../Obj/mega328_color_kit/DisplayValue.o
 .debug_frame   0x000000000000034c       0x60 ../Obj/mega328_color_kit/lcd-draw.o
 .debug_frame   0x00000000000003ac       0x64 ../Obj/mega328_color_kit/wait_for_key_ms.o
 .debug_frame   0x0000000000000410      0x14c ../Obj/mega328_color_kit/main.o
 .debug_frame   0x000000000000055c       0x38 ../Obj/mega328_color_kit/Battery_check.o
 .debug_frame   0x0000000000000594       0x68 ../Obj/mega328_color_kit/CheckPins.o
 .debug_frame   0x00000000000005fc       0x48 ../Obj/mega328_color_kit/GetResistance.o
 .debug_frame   0x0000000000000644       0x2c ../Obj/mega328_color_kit/ChargePin10ms.o
 .debug_frame   0x0000000000000670       0x54 ../Obj/mega328_color_kit/EntladePins.o
 .debug_frame   0x00000000000006c4       0xd0 ../Obj/mega328_color_kit/ReadCapacity.o
 .debug_frame   0x0000000000000794       0x40 ../Obj/mega328_color_kit/Calibrate_UR.o
 .debug_frame   0x00000000000007d4       0xd4 ../Obj/mega328_color_kit/show_Resis_Cap.o
 .debug_frame   0x00000000000008a8       0x4c ../Obj/mega328_color_kit/ReadInductance.o
 .debug_frame   0x00000000000008f4       0x40 ../Obj/mega328_color_kit/GetVloss.o
 .debug_frame   0x0000000000000934      0x158 ../Obj/mega328_color_kit/function_menu.o
 .debug_frame   0x0000000000000a8c       0x30 ../Obj/mega328_color_kit/message_key_released.o
 .debug_frame   0x0000000000000abc       0xe8 ../Obj/mega328_color_kit/GetFrequency.o
 .debug_frame   0x0000000000000ba4       0x3c ../Obj/mega328_color_kit/ReadBigCap.o
 .debug_frame   0x0000000000000be0       0x48 ../Obj/mega328_color_kit/ShowData.o
 .debug_frame   0x0000000000000c28       0xdc ../Obj/mega328_color_kit/sampling_cap.o
 .debug_frame   0x0000000000000d04       0xa0 ../Obj/mega328_color_kit/sampling_lc.o

.debug_str      0x0000000000000000     0x1ba0
 *(.debug_str)
 .debug_str     0x0000000000000000      0x208 /usr/lib/gcc/avr/5.4.0/../../../avr/lib/avr5/crtatmega328p.o
 .debug_str     0x0000000000000208      0x529 ../Obj/mega328_color_kit/lcd-routines.o
                                        0x5a5 (size before relaxing)
 .debug_str     0x0000000000000731       0xb5 ../Obj/mega328_color_kit/DisplayValue.o
                                        0x291 (size before relaxing)
 .debug_str     0x00000000000007e6      0x120 ../Obj/mega328_color_kit/lcd-draw.o
                                        0x36c (size before relaxing)
 .debug_str     0x0000000000000906       0xa3 ../Obj/mega328_color_kit/wait_for_key_ms.o
                                        0x2ba (size before relaxing)
 .debug_str     0x00000000000009a9      0x9c4 ../Obj/mega328_color_kit/main.o
                                        0xf74 (size before relaxing)
 .debug_str     0x000000000000136d       0x27 ../Obj/mega328_color_kit/Battery_check.o
                                        0x251 (size before relaxing)
 .debug_str     0x0000000000001394      0x175 ../Obj/mega328_color_kit/CheckPins.o
                                        0x3e6 (size before relaxing)
 .debug_str     0x0000000000001509       0x33 ../Obj/mega328_color_kit/GetResistance.o
                                        0x36e (size before relaxing)
 .debug_str     0x000000000000153c       0x2f ../Obj/mega328_color_kit/ChargePin10ms.o
                                        0x1bc (size before relaxing)
 .debug_str     0x000000000000156b       0x29 ../Obj/mega328_color_kit/EntladePins.o
                                        0x1ea (size before relaxing)
 .debug_str     0x0000000000001594       0xcd ../Obj/mega328_color_kit/ReadCapacity.o
                                        0x3fa (size before relaxing)
 .debug_str     0x0000000000001661       0x30 ../Obj/mega328_color_kit/Calibrate_UR.o
                                        0x277 (size before relaxing)
 .debug_str     0x0000000000001691       0xef ../Obj/mega328_color_kit/show_Resis_Cap.o
                                        0x512 (size before relaxing)
 .debug_str     0x0000000000001780       0x92 ../Obj/mega328_color_kit/ReadInductance.o
                                        0x344 (size before relaxing)
 .debug_str     0x0000000000001812       0x20 ../Obj/mega328_color_kit/GetVloss.o
                                        0x270 (size before relaxing)
 .debug_str     0x0000000000001832      0x171 ../Obj/mega328_color_kit/function_menu.o
                                        0x64d (size before relaxing)
 .debug_str     0x00000000000019a3       0x21 ../Obj/mega328_color_kit/message_key_released.o
                                        0x1de (size before relaxing)
 .debug_str     0x00000000000019c4       0x69 ../Obj/mega328_color_kit/GetFrequency.o
                                        0x2e3 (size before relaxing)
 .debug_str     0x0000000000001a2d       0x21 ../Obj/mega328_color_kit/ReadBigCap.o
                                        0x2d1 (size before relaxing)
 .debug_str     0x0000000000001a4e       0x32 ../Obj/mega328_color_kit/ShowData.o
                                        0x36e (size before relaxing)
 .debug_str     0x0000000000001a80       0x60 ../Obj/mega328_color_kit/sampling_cap.o
                                        0x331 (size before relaxing)
 .debug_str     0x0000000000001ae0       0xc0 ../Obj/mega328_color_kit/sampling_lc.o
                                        0x3d6 (size before relaxing)

.debug_loc      0x0000000000000000     0x71ce
 *(.debug_loc)
 .debug_loc     0x0000000000000000      0xb94 ../Obj/mega328_color_kit/lcd-routines.o
 .debug_loc     0x0000000000000b94      0x4c2 ../Obj/mega328_color_kit/DisplayValue.o
 .debug_loc     0x0000000000001056      0x175 ../Obj/mega328_color_kit/lcd-draw.o
 .debug_loc     0x00000000000011cb      0x1d7 ../Obj/mega328_color_kit/wait_for_key_ms.o
 .debug_loc     0x00000000000013a2      0x901 ../Obj/mega328_color_kit/main.o
 .debug_loc     0x0000000000001ca3       0x8b ../Obj/mega328_color_kit/Battery_check.o
 .debug_loc     0x0000000000001d2e     0x1a2b ../Obj/mega328_color_kit/CheckPins.o
 .debug_loc     0x0000000000003759      0x7eb ../Obj/mega328_color_kit/GetResistance.o
 .debug_loc     0x0000000000003f44       0x72 ../Obj/mega328_color_kit/ChargePin10ms.o
 .debug_loc     0x0000000000003fb6      0x207 ../Obj/mega328_color_kit/EntladePins.o
 .debug_loc     0x00000000000041bd      0x440 ../Obj/mega328_color_kit/ReadCapacity.o
 .debug_loc     0x00000000000045fd       0x72 ../Obj/mega328_color_kit/Calibrate_UR.o
 .debug_loc     0x000000000000466f      0x35d ../Obj/mega328_color_kit/show_Resis_Cap.o
 .debug_loc     0x00000000000049cc      0x3f5 ../Obj/mega328_color_kit/ReadInductance.o
 .debug_loc     0x0000000000004dc1      0x229 ../Obj/mega328_color_kit/GetVloss.o
 .debug_loc     0x0000000000004fea      0xc21 ../Obj/mega328_color_kit/function_menu.o
 .debug_loc     0x0000000000005c0b       0xa9 ../Obj/mega328_color_kit/message_key_released.o
 .debug_loc     0x0000000000005cb4      0x349 ../Obj/mega328_color_kit/GetFrequency.o
 .debug_loc     0x0000000000005ffd       0xf3 ../Obj/mega328_color_kit/ReadBigCap.o
 .debug_loc     0x00000000000060f0      0x101 ../Obj/mega328_color_kit/ShowData.o
 .debug_loc     0x00000000000061f1      0x628 ../Obj/mega328_color_kit/sampling_cap.o
 .debug_loc     0x0000000000006819      0x9b5 ../Obj/mega328_color_kit/sampling_lc.o

.debug_macinfo
 *(.debug_macinfo)

.debug_weaknames
 *(.debug_weaknames)

.debug_funcnames
 *(.debug_funcnames)

.debug_typenames
 *(.debug_typenames)

.debug_varnames
 *(.debug_varnames)

.debug_pubtypes
 *(.debug_pubtypes)

.debug_ranges   0x0000000000000000      0x4a0
 *(.debug_ranges)
 .debug_ranges  0x0000000000000000      0x160 ../Obj/mega328_color_kit/lcd-routines.o
 .debug_ranges  0x0000000000000160       0x28 ../Obj/mega328_color_kit/DisplayValue.o
 .debug_ranges  0x0000000000000188       0x20 ../Obj/mega328_color_kit/lcd-draw.o
 .debug_ranges  0x00000000000001a8       0x38 ../Obj/mega328_color_kit/wait_for_key_ms.o
 .debug_ranges  0x00000000000001e0       0x88 ../Obj/mega328_color_kit/main.o
 .debug_ranges  0x0000000000000268       0x10 ../Obj/mega328_color_kit/Battery_check.o
 .debug_ranges  0x0000000000000278       0x18 ../Obj/mega328_color_kit/CheckPins.o
 .debug_ranges  0x0000000000000290       0x10 ../Obj/mega328_color_kit/GetResistance.o
 .debug_ranges  0x00000000000002a0       0x10 ../Obj/mega328_color_kit/ChargePin10ms.o
 .debug_ranges  0x00000000000002b0       0x10 ../Obj/mega328_color_kit/EntladePins.o
 .debug_ranges  0x00000000000002c0       0x28 ../Obj/mega328_color_kit/ReadCapacity.o
 .debug_ranges  0x00000000000002e8       0x10 ../Obj/mega328_color_kit/Calibrate_UR.o
 .debug_ranges  0x00000000000002f8       0x38 ../Obj/mega328_color_kit/show_Resis_Cap.o
 .debug_ranges  0x0000000000000330       0x10 ../Obj/mega328_color_kit/ReadInductance.o
 .debug_ranges  0x0000000000000340       0x10 ../Obj/mega328_color_kit/GetVloss.o
 .debug_ranges  0x0000000000000350       0x88 ../Obj/mega328_color_kit/function_menu.o
 .debug_ranges  0x00000000000003d8       0x10 ../Obj/mega328_color_kit/message_key_released.o
 .debug_ranges  0x00000000000003e8       0x30 ../Obj/mega328_color_kit/GetFrequency.o
 .debug_ranges  0x0000000000000418       0x10 ../Obj/mega328_color_kit/ReadBigCap.o
 .debug_ranges  0x0000000000000428       0x10 ../Obj/mega328_color_kit/ShowData.o
 .debug_ranges  0x0000000000000438       0x20 ../Obj/mega328_color_kit/sampling_cap.o
 .debug_ranges  0x0000000000000458       0x48 ../Obj/mega328_color_kit/sampling_lc.o

.debug_macro
 *(.debug_macro)
OUTPUT(../Obj/mega328_color_kit/mega328_color_kit.elf elf32-avr)
LOAD linker stubs
